
 Start  Stop   Length Name               Class

 00000H 02C0BH 02C0CH _TEXT              CODE
 02C0CH 02D1BH 00110H OS_CPU_C_TEXT      CODE
 02D1CH 04E9FH 02184H UCOS_II_TEXT       CODE
 04EA0H 051DAH 0033BH PC_TEXT            CODE
 051DCH 052A2H 000C7H OS_CPU_A_TEXT      CODE
 052A3H 0592BH 00689H EX2L_TEXT          CODE
 05930H 080A6H 02777H EMU_PROG           CODE
 080B0H 08677H 005C8H E87_PROG           CODE
 08680H 08680H 00000H _FARDATA           FAR_DATA
 08680H 08680H 00000H _FARBSS            FAR_BSS
 08680H 08680H 00000H _OVERLAY_          OVRINFO
 08680H 08680H 00000H _1STUB_            STUBSEG
 08680H 08E45H 007C6H _DATA              DATA
 08E46H 08E49H 00004H _CVTSEG            DATA
 08E4AH 08E4FH 00006H _SCNSEG            DATA
 08E50H 08E50H 00000H _CONST             CONST
 08E50H 08E61H 00012H _INIT_             INITDATA
 08E62H 08E62H 00000H _INITEND_          INITDATA
 08E62H 08E67H 00006H _EXIT_             EXITDATA
 08E68H 08E68H 00000H _EXITEND_          EXITDATA
 08E68H 0B729H 028C2H _BSS               BSS
 0B72AH 0B72AH 00000H _BSSEND            BSSEND
 0B730H 0B83FH 00110H _STACK             STACK


Detailed map of segments

 0000:0000 0264 C=CODE   S=_TEXT          G=(none)  M=c0.ASM     ACBP=28
 0000:0264 0258 C=CODE   S=_TEXT          G=(none)  M=FPINIT     ACBP=28
 0000:04BC 0000 C=CODE   S=_TEXT          G=(none)  M=E87TRAP    ACBP=28
 0000:04BC 0000 C=CODE   S=_TEXT          G=(none)  M=PROTFLAG   ACBP=28
 0000:04BC 0000 C=CODE   S=_TEXT          G=(none)  M=DEFLT87    ACBP=28
 0000:04BC 01BD C=CODE   S=_TEXT          G=(none)  M=REALCVT    ACBP=28
 0000:0679 0208 C=CODE   S=_TEXT          G=(none)  M=XCVT       ACBP=28
 0000:0881 00AF C=CODE   S=_TEXT          G=(none)  M=FPERR      ACBP=28
 0000:0930 00C9 C=CODE   S=_TEXT          G=(none)  M=_POW10     ACBP=28
 0000:09F9 000B C=CODE   S=_TEXT          G=(none)  M=POW10D     ACBP=28
 0000:0A04 002D C=CODE   S=_TEXT          G=(none)  M=ATEXIT     ACBP=28
 0000:0A31 0093 C=CODE   S=_TEXT          G=(none)  M=EXIT       ACBP=28
 0000:0AC4 0000 C=CODE   S=_TEXT          G=(none)  M=FILES      ACBP=28
 0000:0AC4 0000 C=CODE   S=_TEXT          G=(none)  M=FILES2     ACBP=28
 0000:0AC4 0000 C=CODE   S=_TEXT          G=(none)  M=FPSTKLEN   ACBP=28
 0000:0AC4 0017 C=CODE   S=_TEXT          G=(none)  M=F_LXMUL    ACBP=28
 0000:0ADB 001C C=CODE   S=_TEXT          G=(none)  M=F_SCOPY    ACBP=28
 0000:0AF7 0026 C=CODE   S=_TEXT          G=(none)  M=GETDATE    ACBP=28
 0000:0B1D 0020 C=CODE   S=_TEXT          G=(none)  M=GETVECT    ACBP=28
 0000:0B3D 00AE C=CODE   S=_TEXT          G=(none)  M=H_LDIV     ACBP=28
 0000:0BEB 0021 C=CODE   S=_TEXT          G=(none)  M=H_LLSH     ACBP=28
 0000:0C0C 0060 C=CODE   S=_TEXT          G=(none)  M=H_PADD     ACBP=28
 0000:0C6C 004B C=CODE   S=_TEXT          G=(none)  M=IOERROR    ACBP=28
 0000:0CB7 0011 C=CODE   S=_TEXT          G=(none)  M=ISATTY     ACBP=28
 0000:0CC8 00A2 C=CODE   S=_TEXT          G=(none)  M=LONGTOA    ACBP=28
 0000:0D6A 0029 C=CODE   S=_TEXT          G=(none)  M=LSEEK      ACBP=28
 0000:0D93 0021 C=CODE   S=_TEXT          G=(none)  M=N_PCMP     ACBP=28
 0000:0DB4 00B6 C=CODE   S=_TEXT          G=(none)  M=SETUPIO    ACBP=28
 0000:0E6A 0000 C=CODE   S=_TEXT          G=(none)  M=SIGDATA    ACBP=28
 0000:0E6A 0000 C=CODE   S=_TEXT          G=(none)  M=STKLEN     ACBP=28
 0000:0E6A 0018 C=CODE   S=_TEXT          G=(none)  M=TELL       ACBP=28
 0000:0E82 04D6 C=CODE   S=_TEXT          G=(none)  M=VPRINTER   ACBP=28
 0000:1358 009F C=CODE   S=_TEXT          G=(none)  M=VRAM       ACBP=28
 0000:13F7 0000 C=CODE   S=_TEXT          G=(none)  M=WSCROLL    ACBP=28
 0000:13F7 014C C=CODE   S=_TEXT          G=(none)  M=CPRINTF    ACBP=28
 0000:1543 01B7 C=CODE   S=_TEXT          G=(none)  M=CRTINIT    ACBP=28
 0000:16FA 001F C=CODE   S=_TEXT          G=(none)  M=CVTFAK     ACBP=28
 0000:1719 0432 C=CODE   S=_TEXT          G=(none)  M=FARHEAP    ACBP=28
 0000:1B4B 0143 C=CODE   S=_TEXT          G=(none)  M=FBRK       ACBP=28
 0000:1C8E 005C C=CODE   S=_TEXT          G=(none)  M=GETCH      ACBP=28
 0000:1CEA 0099 C=CODE   S=_TEXT          G=(none)  M=GPTEXT     ACBP=28
 0000:1D83 0012 C=CODE   S=_TEXT          G=(none)  M=KBHIT      ACBP=28
 0000:1D95 009D C=CODE   S=_TEXT          G=(none)  M=MOVETEXT   ACBP=28
 0000:1E32 0015 C=CODE   S=_TEXT          G=(none)  M=PUTCH      ACBP=28
 0000:1E47 0004 C=CODE   S=_TEXT          G=(none)  M=REALCVT    ACBP=28
 0000:1E4B 01B5 C=CODE   S=_TEXT          G=(none)  M=SCREEN     ACBP=28
 0000:2000 018E C=CODE   S=_TEXT          G=(none)  M=SCROLL     ACBP=28
 0000:218E 001C C=CODE   S=_TEXT          G=(none)  M=SETBLOCK   ACBP=28
 0000:21AA 006A C=CODE   S=_TEXT          G=(none)  M=SETJMP     ACBP=28
 0000:2214 002C C=CODE   S=_TEXT          G=(none)  M=WHEREXY    ACBP=28
 0000:2240 00CD C=CODE   S=_TEXT          G=(none)  M=FFLUSH     ACBP=28
 0000:230D 0042 C=CODE   S=_TEXT          G=(none)  M=FLUSHALL   ACBP=28
 0000:234F 001C C=CODE   S=_TEXT          G=(none)  M=FPRINTF    ACBP=28
 0000:236B 015A C=CODE   S=_TEXT          G=(none)  M=FSEEK      ACBP=28
 0000:24C5 0024 C=CODE   S=_TEXT          G=(none)  M=MEMCPY     ACBP=28
 0000:24E9 03C2 C=CODE   S=_TEXT          G=(none)  M=PUTC       ACBP=28
 0000:28AB 011B C=CODE   S=_TEXT          G=(none)  M=SETVBUF    ACBP=28
 0000:29C6 0083 C=CODE   S=_TEXT          G=(none)  M=SPRINTF    ACBP=28
 0000:2A49 014F C=CODE   S=_TEXT          G=(none)  M=WRITE      ACBP=28
 0000:2B98 003C C=CODE   S=_TEXT          G=(none)  M=WRITEA     ACBP=28
 0000:2BD4 0038 C=CODE   S=_TEXT          G=(none)  M=XFFLUSH    ACBP=28
 02C0:000C 0110 C=CODE   S=OS_CPU_C_TEXT  G=(none)  M=OS_CPU_C.C ACBP=28
 02D1:000C 2184 C=CODE   S=UCOS_II_TEXT   G=(none)  M=UCOS_II.C  ACBP=28
 04EA:0000 033B C=CODE   S=PC_TEXT        G=(none)  M=PC.C       ACBP=28
 051D:000C 00C7 C=CODE   S=OS_CPU_A_TEXT  G=(none)  M=OS_CPU_A.ASM ACBP=48
 052A:0003 0689 C=CODE   S=EX2L_TEXT      G=(none)  M=EX2L.C     ACBP=28
 0593:0000 0000 C=CODE   S=EMU_PROG       G=(none)  M=FPINIT     ACBP=68
 0593:0000 2777 C=CODE   S=EMU_PROG       G=(none)  M=EMU086     ACBP=68
 080B:0000 0000 C=CODE   S=E87_PROG       G=(none)  M=FPINIT     ACBP=68
 080B:0000 03E3 C=CODE   S=E87_PROG       G=(none)  M=EMU087     ACBP=68
 080B:03F0 01D8 C=CODE   S=E87_PROG       G=(none)  M=E87TRAP    ACBP=68
 0868:0000 0000 C=FAR_DATA S=_FARDATA       G=(none)  M=c0.ASM     ACBP=68
 0868:0000 0000 C=FAR_BSS S=_FARBSS        G=(none)  M=c0.ASM     ACBP=68
 0868:0000 0000 C=OVRINFO S=_OVERLAY_      G=(none)  M=c0.ASM     ACBP=68
 0868:0000 0000 C=STUBSEG S=_1STUB_        G=(none)  M=c0.ASM     ACBP=68
 0868:0000 0093 C=DATA   S=_DATA          G=DGROUP  M=c0.ASM     ACBP=68
 0868:0094 0000 C=DATA   S=_DATA          G=DGROUP  M=OS_CPU_C.C ACBP=48
 0868:0094 0108 C=DATA   S=_DATA          G=DGROUP  M=UCOS_II.C  ACBP=48
 0868:019C 001F C=DATA   S=_DATA          G=DGROUP  M=PC.C       ACBP=48
 0868:01BC 0000 C=DATA   S=_DATA          G=DGROUP  M=OS_CPU_A.ASM ACBP=48
 0868:01BC 01F4 C=DATA   S=_DATA          G=DGROUP  M=EX2L.C     ACBP=48
 0868:03B0 0002 C=DATA   S=_DATA          G=DGROUP  M=FPINIT     ACBP=68
 0868:03C0 0000 C=DATA   S=_DATA          G=DGROUP  M=E87TRAP    ACBP=68
 0868:03C0 0003 C=DATA   S=_DATA          G=DGROUP  M=PROTFLAG   ACBP=48
 0868:03C4 0002 C=DATA   S=_DATA          G=DGROUP  M=DEFLT87    ACBP=48
 0868:03C6 0000 C=DATA   S=_DATA          G=DGROUP  M=REALCVT    ACBP=48
 0868:03C6 0000 C=DATA   S=_DATA          G=DGROUP  M=XCVT       ACBP=48
 0868:03C6 009A C=DATA   S=_DATA          G=DGROUP  M=FPERR      ACBP=48
 0868:0460 0080 C=DATA   S=_DATA          G=DGROUP  M=_POW10     ACBP=48
 0868:04E0 0000 C=DATA   S=_DATA          G=DGROUP  M=POW10D     ACBP=48
 0868:04E0 0002 C=DATA   S=_DATA          G=DGROUP  M=ATEXIT     ACBP=48
 0868:04E2 000C C=DATA   S=_DATA          G=DGROUP  M=EXIT       ACBP=48
 0868:04EE 0190 C=DATA   S=_DATA          G=DGROUP  M=FILES      ACBP=48
 0868:067E 002A C=DATA   S=_DATA          G=DGROUP  M=FILES2     ACBP=48
 0868:06A8 0002 C=DATA   S=_DATA          G=DGROUP  M=FPSTKLEN   ACBP=48
 0868:06AA 0000 C=DATA   S=_DATA          G=DGROUP  M=F_LXMUL    ACBP=48
 0868:06AA 0000 C=DATA   S=_DATA          G=DGROUP  M=F_SCOPY    ACBP=48
 0868:06AA 0000 C=DATA   S=_DATA          G=DGROUP  M=GETDATE    ACBP=48
 0868:06AA 0000 C=DATA   S=_DATA          G=DGROUP  M=GETVECT    ACBP=48
 0868:06AA 0000 C=DATA   S=_DATA          G=DGROUP  M=H_LDIV     ACBP=48
 0868:06AA 0000 C=DATA   S=_DATA          G=DGROUP  M=H_LLSH     ACBP=48
 0868:06AA 0000 C=DATA   S=_DATA          G=DGROUP  M=H_PADD     ACBP=48
 0868:06AA 005B C=DATA   S=_DATA          G=DGROUP  M=IOERROR    ACBP=48
 0868:0706 0000 C=DATA   S=_DATA          G=DGROUP  M=ISATTY     ACBP=48
 0868:0706 0000 C=DATA   S=_DATA          G=DGROUP  M=LONGTOA    ACBP=48
 0868:0706 0000 C=DATA   S=_DATA          G=DGROUP  M=LSEEK      ACBP=48
 0868:0706 0000 C=DATA   S=_DATA          G=DGROUP  M=N_PCMP     ACBP=48
 0868:0706 0000 C=DATA   S=_DATA          G=DGROUP  M=SETUPIO    ACBP=48
 0868:0706 0000 C=DATA   S=_DATA          G=DGROUP  M=SIGDATA    ACBP=48
 0868:0706 0002 C=DATA   S=_DATA          G=DGROUP  M=STKLEN     ACBP=48
 0868:0708 0000 C=DATA   S=_DATA          G=DGROUP  M=TELL       ACBP=48
 0868:0708 0067 C=DATA   S=_DATA          G=DGROUP  M=VPRINTER   ACBP=48
 0868:0770 0000 C=DATA   S=_DATA          G=DGROUP  M=VRAM       ACBP=48
 0868:0770 0002 C=DATA   S=_DATA          G=DGROUP  M=WSCROLL    ACBP=48
 0868:0772 0000 C=DATA   S=_DATA          G=DGROUP  M=CPRINTF    ACBP=48
 0868:0772 0018 C=DATA   S=_DATA          G=DGROUP  M=CRTINIT    ACBP=48
 0868:078A 0031 C=DATA   S=_DATA          G=DGROUP  M=CVTFAK     ACBP=48
 0868:07BC 0000 C=DATA   S=_DATA          G=DGROUP  M=FARHEAP    ACBP=48
 0868:07BC 0002 C=DATA   S=_DATA          G=DGROUP  M=FBRK       ACBP=48
 0868:07BE 0000 C=DATA   S=_DATA          G=DGROUP  M=GETCH      ACBP=48
 0868:07BE 0000 C=DATA   S=_DATA          G=DGROUP  M=GPTEXT     ACBP=48
 0868:07BE 0002 C=DATA   S=_DATA          G=DGROUP  M=KBHIT      ACBP=48
 0868:07C0 0000 C=DATA   S=_DATA          G=DGROUP  M=MOVETEXT   ACBP=48
 0868:07C0 0000 C=DATA   S=_DATA          G=DGROUP  M=PUTCH      ACBP=48
 0868:07C0 0000 C=DATA   S=_DATA          G=DGROUP  M=REALCVT    ACBP=48
 0868:07C0 0000 C=DATA   S=_DATA          G=DGROUP  M=SCREEN     ACBP=48
 0868:07C0 0000 C=DATA   S=_DATA          G=DGROUP  M=SCROLL     ACBP=48
 0868:07C0 0000 C=DATA   S=_DATA          G=DGROUP  M=SETBLOCK   ACBP=48
 0868:07C0 0000 C=DATA   S=_DATA          G=DGROUP  M=SETJMP     ACBP=48
 0868:07C0 0000 C=DATA   S=_DATA          G=DGROUP  M=WHEREXY    ACBP=48
 0868:07C0 0000 C=DATA   S=_DATA          G=DGROUP  M=FFLUSH     ACBP=48
 0868:07C0 0000 C=DATA   S=_DATA          G=DGROUP  M=FLUSHALL   ACBP=48
 0868:07C0 0000 C=DATA   S=_DATA          G=DGROUP  M=FPRINTF    ACBP=48
 0868:07C0 0000 C=DATA   S=_DATA          G=DGROUP  M=FSEEK      ACBP=48
 0868:07C0 0000 C=DATA   S=_DATA          G=DGROUP  M=MEMCPY     ACBP=48
 0868:07C0 0001 C=DATA   S=_DATA          G=DGROUP  M=PUTC       ACBP=48
 0868:07C2 0004 C=DATA   S=_DATA          G=DGROUP  M=SETVBUF    ACBP=48
 0868:07C6 0000 C=DATA   S=_DATA          G=DGROUP  M=SPRINTF    ACBP=48
 0868:07C6 0000 C=DATA   S=_DATA          G=DGROUP  M=WRITE      ACBP=48
 0868:07C6 0000 C=DATA   S=_DATA          G=DGROUP  M=WRITEA     ACBP=48
 0868:07C6 0000 C=DATA   S=_DATA          G=DGROUP  M=XFFLUSH    ACBP=48
 0868:07C6 0000 C=DATA   S=_CVTSEG        G=DGROUP  M=c0.ASM     ACBP=48
 0868:07C6 0002 C=DATA   S=_CVTSEG        G=DGROUP  M=REALCVT    ACBP=48
 0868:07C8 0002 C=DATA   S=_CVTSEG        G=DGROUP  M=CVTFAK     ACBP=48
 0868:07CA 0000 C=DATA   S=_CVTSEG        G=DGROUP  M=REALCVT    ACBP=48
 0868:07CA 0000 C=DATA   S=_SCNSEG        G=DGROUP  M=c0.ASM     ACBP=48
 0868:07CA 0006 C=DATA   S=_SCNSEG        G=DGROUP  M=CVTFAK     ACBP=48
 0868:07D0 0000 C=CONST  S=_CONST         G=DGROUP  M=c0.ASM     ACBP=48
 0868:07D0 0000 C=INITDATA S=_INIT_         G=DGROUP  M=c0.ASM     ACBP=48
 0868:07D0 0006 C=INITDATA S=_INIT_         G=DGROUP  M=FPINIT     ACBP=48
 0868:07D6 0006 C=INITDATA S=_INIT_         G=DGROUP  M=SETUPIO    ACBP=48
 0868:07DC 0006 C=INITDATA S=_INIT_         G=DGROUP  M=CRTINIT    ACBP=48
 0868:07E2 0000 C=INITDATA S=_INITEND_      G=DGROUP  M=c0.ASM     ACBP=28
 0868:07E2 0000 C=EXITDATA S=_EXIT_         G=DGROUP  M=c0.ASM     ACBP=48
 0868:07E2 0006 C=EXITDATA S=_EXIT_         G=DGROUP  M=FPINIT     ACBP=48
 0868:07E8 0000 C=EXITDATA S=_EXITEND_      G=DGROUP  M=c0.ASM     ACBP=28
 0868:07E8 0000 C=BSS    S=_BSS           G=DGROUP  M=c0.ASM     ACBP=48
 0868:07E8 0001 C=BSS    S=_BSS           G=DGROUP  M=OS_CPU_C.C ACBP=48
 0868:07EA 0C0E C=BSS    S=_BSS           G=DGROUP  M=UCOS_II.C  ACBP=48
 0868:13F8 001B C=BSS    S=_BSS           G=DGROUP  M=PC.C       ACBP=48
 0868:1414 1C10 C=BSS    S=_BSS           G=DGROUP  M=EX2L.C     ACBP=48
 0868:3024 0000 C=BSS    S=_BSS           G=DGROUP  M=REALCVT    ACBP=48
 0868:3024 0000 C=BSS    S=_BSS           G=DGROUP  M=XCVT       ACBP=48
 0868:3024 0000 C=BSS    S=_BSS           G=DGROUP  M=_POW10     ACBP=48
 0868:3024 0080 C=BSS    S=_BSS           G=DGROUP  M=ATEXIT     ACBP=48
 0868:30A4 0000 C=BSS    S=_BSS           G=DGROUP  M=GETVECT    ACBP=48
 0868:30A4 0000 C=BSS    S=_BSS           G=DGROUP  M=IOERROR    ACBP=48
 0868:30A4 0000 C=BSS    S=_BSS           G=DGROUP  M=ISATTY     ACBP=48
 0868:30A4 0000 C=BSS    S=_BSS           G=DGROUP  M=LONGTOA    ACBP=48
 0868:30A4 0000 C=BSS    S=_BSS           G=DGROUP  M=LSEEK      ACBP=48
 0868:30A4 0000 C=BSS    S=_BSS           G=DGROUP  M=SETUPIO    ACBP=48
 0868:30A4 0004 C=BSS    S=_BSS           G=DGROUP  M=SIGDATA    ACBP=48
 0868:30A8 0000 C=BSS    S=_BSS           G=DGROUP  M=VPRINTER   ACBP=48
 0868:30A8 0000 C=BSS    S=_BSS           G=DGROUP  M=VRAM       ACBP=48
 0868:30A8 0000 C=BSS    S=_BSS           G=DGROUP  M=CRTINIT    ACBP=48
 0868:30A8 0000 C=BSS    S=_BSS           G=DGROUP  M=GETCH      ACBP=48
 0868:30A8 0000 C=BSS    S=_BSS           G=DGROUP  M=KBHIT      ACBP=48
 0868:30A8 0000 C=BSS    S=_BSS           G=DGROUP  M=SETBLOCK   ACBP=48
 0868:30A8 0000 C=BSS    S=_BSS           G=DGROUP  M=SETJMP     ACBP=48
 0868:30A8 0000 C=BSS    S=_BSS           G=DGROUP  M=MEMCPY     ACBP=48
 0868:30A8 0001 C=BSS    S=_BSS           G=DGROUP  M=PUTC       ACBP=48
 0868:30AA 0000 C=BSS    S=_BSS           G=DGROUP  M=WRITEA     ACBP=48
 0868:30AA 0000 C=BSSEND S=_BSSEND        G=DGROUP  M=c0.ASM     ACBP=28
 0B73:0000 0110 C=STACK  S=_STACK         G=(none)  M=c0.ASM     ACBP=74
 0B73:0000 0080 C=STACK  S=_STACK         G=(none)  M=EMUVARS    ACBP=78

  Address         Publics by Name

 0868:0000 idle  DATASEG@
 0000:0260 idle  DGROUP@
 0593:2152       e086_Entry
 0593:26E0       e086_Shortcut
 080B:0306       e087_Entry
 080B:03C6       e087_Shortcut
 080B:0430       e087_Trap
 0000:FE32 idle  FIARQQ
 0000:0E32 idle  FICRQQ
 0000:5C32  Abs  FIDRQQ
 0000:1632  Abs  FIERQQ
 0000:0632 idle  FISRQQ
 0000:A23D  Abs  FIWRQQ
 0000:4000 idle  FJARQQ
 0000:C000 idle  FJCRQQ
 0000:8000 idle  FJSRQQ
 0000:0B40 idle  F_LDIV@
 0000:0B4F idle  F_LMOD@
 0000:0B47       F_LUDIV@
 0000:0B57 idle  F_LUMOD@
 0000:0BEE idle  F_LXLSH@
 0000:0AC4       F_LXMUL@
 0000:0C0F idle  F_PADD@
 0000:0C3E idle  F_PSUB@
 0000:0ADB       F_SCOPY@
 0000:0B40 idle  LDIV@
 0000:0B4F idle  LMOD@
 0000:0B47 idle  LUDIV@
 0000:0B57 idle  LUMOD@
 0000:0BEE idle  LXLSH@
 0000:0AC4 idle  LXMUL@
 0000:0B3D idle  N_LDIV@
 0000:0B4C idle  N_LMOD@
 0000:0B44 idle  N_LUDIV@
 0000:0B54 idle  N_LUMOD@
 0000:0BEB       N_LXLSH@
 0000:0C0C       N_PADD@
 0000:0D93       N_PCMP@
 0000:0C3B idle  N_PSUB@
 0000:0C0F idle  PADD@
 0000:0C3E idle  PSUB@
 0000:0ADB idle  SCOPY@
 0000:0249       _abort
 0868:1418 idle  _AckMbox
 0000:0A04 idle  _atexit
 0000:1529 idle  _cprintf
 0868:0781       _directvideo
 0868:007F       _errno
 0000:0A89       _exit
 0000:1859 idle  _farfree
 0000:196D idle  _farmalloc
 0000:1AD1 idle  _farrealloc
 0000:2240       _fflush
 0000:230D       _flushall
 0000:234F       _fprintf
 0000:2505 idle  _fputc
 0000:2698 idle  _fputchar
 0000:1859       _free
 0000:23ED       _fseek
 0000:246D idle  _ftell
 0000:1C8E       _getch
 0000:1CAA idle  _getche
 0000:0AF7       _getdate
 0000:1CEA       _gettext
 0000:0B0A       _gettime
 0000:0B1D       _getvect
 0000:0CB7       _isatty
 0000:1D83       _kbhit
 0868:141C idle  _leftSem
 0000:21E0       _longjmp
 0000:0D6A       _lseek
 052A:0003       _main
 0000:1963       _malloc
 0000:24C5       _memcpy
 0000:1D95       _movetext
 0868:130F       _OSCPUUsage
 051D:0029       _OSCtxSw
 0868:13F4       _OSCtxSwCtr
 0868:13F0 idle  _OSEventFreeList
 02D1:000C idle  _OSEventTaskRdy
 02D1:00F4 idle  _OSEventTaskWait
 0868:1314 idle  _OSEventTbl
 02D1:0169 idle  _OSEventTO
 02D1:01C1 idle  _OSEventWaitListInit
 0868:1310 idle  _OSIdleCtr
 0868:130B idle  _OSIdleCtrMax
 0868:1307 idle  _OSIdleCtrRun
 02D1:01E7       _OSInit
 051D:0064       _OSIntCtxSw
 02D1:0374 idle  _OSIntEnter
 02D1:037C       _OSIntExit
 0868:1305       _OSIntNesting
 0868:1304 idle  _OSLockNesting
 0868:0094 idle  _OSMapTbl
 02D1:085A idle  _OSMboxAccept
 02D1:08A2       _OSMboxCreate
 02D1:0908       _OSMboxPend
 02D1:0A47       _OSMboxPost
 02D1:0AA9 idle  _OSMboxQuery
 02D1:0B22 idle  _OSMemCreate
 02D1:0C88 idle  _OSMemGet
 02D1:0CF4 idle  _OSMemInit
 02D1:0D7B idle  _OSMemPut
 02D1:0DD9 idle  _OSMemQuery
 0868:1303       _OSPrioCur
 0868:1302       _OSPrioHighRdy
 02D1:0E70 idle  _OSQAccept
 02D1:0F13 idle  _OSQCreate
 02D1:1041 idle  _OSQFlush
 02D1:10A2 idle  _OSQInit
 02D1:10E3 idle  _OSQPend
 02D1:12A7 idle  _OSQPost
 02D1:1369 idle  _OSQPostFront
 02D1:1426 idle  _OSQQuery
 0868:1301 idle  _OSRdyGrp
 0868:12FE idle  _OSRdyTbl
 0868:12FD       _OSRunning
 02D1:03ED idle  _OSSched
 02D1:0452 idle  _OSSchedLock
 02D1:0461 idle  _OSSchedUnlock
 02D1:14E7 idle  _OSSemAccept
 02D1:1514       _OSSemCreate
 02D1:1574       _OSSemPend
 02D1:161B       _OSSemPost
 02D1:1670 idle  _OSSemQuery
 02D1:048C       _OSStart
 051D:000C       _OSStartHighRdy
 02D1:04FD       _OSStatInit
 0868:1306 idle  _OSStatRdy
 02D1:16E3 idle  _OSTaskChangePrio
 02D1:18DB idle  _OSTaskCreate
 02D1:19B9       _OSTaskCreateExt
 02C0:00F7       _OSTaskCreateHook
 0868:12FC       _OSTaskCtr
 02D1:1AD9 idle  _OSTaskDel
 02C0:0108       _OSTaskDelHook
 02D1:1C90 idle  _OSTaskDelReq
 02D1:0538 idle  _OSTaskIdle
 02D1:1F2F idle  _OSTaskQuery
 02D1:1CFD idle  _OSTaskResume
 02D1:0558 idle  _OSTaskStat
 02C0:011A       _OSTaskStatHook
 02D1:1D86       _OSTaskStkChk
 02C0:000C       _OSTaskStkInit
 02D1:1E78 idle  _OSTaskSuspend
 02C0:0119       _OSTaskSwHook
 0868:12F8       _OSTCBCur
 0868:12F4 idle  _OSTCBFreeList
 0868:12F0       _OSTCBHighRdy
 02D1:061C idle  _OSTCBInit
 0868:12EC idle  _OSTCBList
 0868:1298 idle  _OSTCBPrioTbl
 0868:07E8       _OSTickDOSCtr
 051D:009F       _OSTickISR
 0868:1294 idle  _OSTime
 02D1:1F92       _OSTimeDly
 02D1:1FDF       _OSTimeDlyHMSM
 02D1:20D1 idle  _OSTimeDlyResume
 02D1:215D idle  _OSTimeGet
 02D1:217B idle  _OSTimeSet
 02D1:07BC       _OSTimeTick
 02C0:011B       _OSTimeTickHook
 0868:009C idle  _OSUnMapTbl
 02D1:0856       _OSVersion
 04EA:0072       _PC_DispChar
 04EA:0037       _PC_DispClrLine
 04EA:0000       _PC_DispClrScr
 04EA:00B0       _PC_DispStr
 04EA:0104       _PC_DOSReturn
 04EA:0118       _PC_DOSSaveReturn
 04EA:018F       _PC_ElapsedInit
 04EA:01A3       _PC_ElapsedStart
 04EA:01D8       _PC_ElapsedStop
 04EA:0236       _PC_GetDateTime
 04EA:0289       _PC_GetKey
 04EA:02B0       _PC_SetTickRate
 0868:13F8 idle  _PC_TickISR
 04EA:030F idle  _PC_VectGet
 04EA:0322       _PC_VectSet
 0000:09F9       _pow10
 0000:1E32       _putch
 0000:1D40       _puttext
 0000:1ACA idle  _realloc
 0868:1420 idle  _rightSem
 0000:218E       _setblock
 0000:21AA       _setjmp
 0000:28AB       _setvbuf
 0000:0B2C       _setvect
 0000:2A06       _sprintf
 052A:03F7 idle  _Task1
 0868:2424 idle  _Task1Stk
 052A:049A idle  _Task2
 0868:2024 idle  _Task2Stk
 052A:0511 idle  _Task3
 0868:1C24 idle  _Task3Stk
 052A:0588 idle  _Task4
 0868:1824 idle  _Task4Stk
 052A:05DF idle  _Task5
 0868:1424 idle  _Task5Stk
 052A:064B idle  _TaskClk
 0868:2824 idle  _TaskClkStk
 052A:005C idle  _TaskStart
 0868:2C24 idle  _TaskStartStk
 0000:0E6A       _tell
 0868:1414 idle  _TxMbox
 0000:1CCE idle  _ungetch
 0000:2A28 idle  _vsprintf
 0000:221E idle  _wherex
 0000:222D idle  _wherey
 0868:03B0 idle  __8087
 0000:1000 idle  __AHINCR
 0000:000C idle  __AHSHIFT
 0868:04E0       __atexitcnt
 0868:3024       __atexittbl
 0000:1BC1       __brk
 0868:008B       __brklvl
 0868:006B idle  __C0argc
 0868:006D idle  __C0argv
 0000:1602 idle  __c0crtinit
 0868:0071 idle  __C0environ
 0868:07BF       __cChar
 0000:0AAA idle  __cexit
 0868:07BE       __cFlag
 0000:0167       __checknull
 0000:0154       __cleanup
 0000:13F7       __CPUTN
 0000:161F idle  __crtinit
 0000:0000  Abs  __cvtfak
 0000:0AB8 idle  __c_exit
 0868:03C4       __default87
 0868:06AA idle  __doserrno
 0000:0CA5 idle  __DOSERROR
 0868:06AC idle  __dosErrorToSV
 0B73:0000       __emu
 0868:0075 idle  __envLng
 0868:0077 idle  __envseg
 0868:0079 idle  __envSize
 0000:0A98       __exit
 0868:04E2       __exitbuf
 0868:04E6 idle  __exitfopen
 0868:04EA idle  __exitopen
 0000:0881       __fperror
 0868:06A8       __fpstklen
 0000:04B8       __fpuint
 0000:24E9 idle  __fputc
 0000:26AC       __FPUTN
 0868:0087       __heapbase
 0868:008F       __heaptop
 0868:005B idle  __Int0Vector
 0868:005F idle  __Int4Vector
 0868:0063 idle  __Int5Vector
 0868:0067 idle  __Int6Vector
 0000:0C6C       __IOERROR
 0868:03C1       __LDT
 0000:0CC8       __LONGTOA
 0000:0262 idle  __MMODEL
 0868:067E       __nfile
 0000:1CA7 idle  __Ngetche
 0000:1CCB idle  __Nungetch
 0868:0680       __openfd
 0868:007D idle  __osmajor
 0868:007E idle  __osminor
 0868:007D idle  __osversion
 0000:0930       __POW10
 0868:03C0       __protected
 0868:007B       __psp
 0000:1E47       __REALCVT
 0868:07C6       __RealCvtVector
 0000:01BD       __restorezero
 0000:1C00       __sbrk
 0868:07CA idle  __ScanTodVector
 0000:1F81       __SCREENIO
 0000:2022       __SCROLL
 0000:0DB4       __setupio
 0868:0081 idle  __StartTime
 0868:0706       __stklen
 0868:04EE       __streams
 0000:0168       __terminate
 0000:0000 idle  __turboCrt
 0000:0000  Abs  __turboCvt
 0000:0D4A idle  __UTOA
 0000:1FBD       __VALIDATEXY
 0868:007D       __version
 0868:0772       __video
 0000:157E       __VideoInt
 0000:0E9A       __VPRINTER
 0000:1358       __VPTR
 0000:137D       __VRAM
 0000:2214       __wherexy
 0000:2B98       __write
 0868:0770       __wscroll
 0000:0679       __XCVT
 0000:2BD4       __xfflush
 0868:0085 idle  ___brklvl
 0000:1719 idle  ___first
 0000:03D1 idle  ___fpreset
 0000:171B idle  ___last
 0000:171D idle  ___rover
 0868:30A4       ___SignalPtr
 0000:2A49       ___write

  Address         Publics by Value

 0000:0000  Abs  __turboCvt
 0000:0000 idle  __turboCrt
 0000:0000  Abs  __cvtfak
 0000:000C idle  __AHSHIFT
 0000:0632 idle  FISRQQ
 0000:0E32 idle  FICRQQ
 0000:1000 idle  __AHINCR
 0000:1632  Abs  FIERQQ
 0000:4000 idle  FJARQQ
 0000:5C32  Abs  FIDRQQ
 0000:8000 idle  FJSRQQ
 0000:A23D  Abs  FIWRQQ
 0000:C000 idle  FJCRQQ
 0000:FE32 idle  FIARQQ
 0000:0154       __cleanup
 0000:0167       __checknull
 0000:0168       __terminate
 0000:01BD       __restorezero
 0000:0249       _abort
 0000:0260 idle  DGROUP@
 0000:0262 idle  __MMODEL
 0000:03D1 idle  ___fpreset
 0000:04B8       __fpuint
 0000:0679       __XCVT
 0000:0881       __fperror
 0000:0930       __POW10
 0000:09F9       _pow10
 0000:0A04 idle  _atexit
 0000:0A89       _exit
 0000:0A98       __exit
 0000:0AAA idle  __cexit
 0000:0AB8 idle  __c_exit
 0000:0AC4       F_LXMUL@
 0000:0AC4 idle  LXMUL@
 0000:0ADB       F_SCOPY@
 0000:0ADB idle  SCOPY@
 0000:0AF7       _getdate
 0000:0B0A       _gettime
 0000:0B1D       _getvect
 0000:0B2C       _setvect
 0000:0B3D idle  N_LDIV@
 0000:0B40 idle  LDIV@
 0000:0B40 idle  F_LDIV@
 0000:0B44 idle  N_LUDIV@
 0000:0B47       F_LUDIV@
 0000:0B47 idle  LUDIV@
 0000:0B4C idle  N_LMOD@
 0000:0B4F idle  F_LMOD@
 0000:0B4F idle  LMOD@
 0000:0B54 idle  N_LUMOD@
 0000:0B57 idle  LUMOD@
 0000:0B57 idle  F_LUMOD@
 0000:0BEB       N_LXLSH@
 0000:0BEE idle  LXLSH@
 0000:0BEE idle  F_LXLSH@
 0000:0C0C       N_PADD@
 0000:0C0F idle  F_PADD@
 0000:0C0F idle  PADD@
 0000:0C3B idle  N_PSUB@
 0000:0C3E idle  F_PSUB@
 0000:0C3E idle  PSUB@
 0000:0C6C       __IOERROR
 0000:0CA5 idle  __DOSERROR
 0000:0CB7       _isatty
 0000:0CC8       __LONGTOA
 0000:0D4A idle  __UTOA
 0000:0D6A       _lseek
 0000:0D93       N_PCMP@
 0000:0DB4       __setupio
 0000:0E6A       _tell
 0000:0E9A       __VPRINTER
 0000:1358       __VPTR
 0000:137D       __VRAM
 0000:13F7       __CPUTN
 0000:1529 idle  _cprintf
 0000:157E       __VideoInt
 0000:1602 idle  __c0crtinit
 0000:161F idle  __crtinit
 0000:1719 idle  ___first
 0000:171B idle  ___last
 0000:171D idle  ___rover
 0000:1859       _free
 0000:1859 idle  _farfree
 0000:1963       _malloc
 0000:196D idle  _farmalloc
 0000:1ACA idle  _realloc
 0000:1AD1 idle  _farrealloc
 0000:1BC1       __brk
 0000:1C00       __sbrk
 0000:1C8E       _getch
 0000:1CA7 idle  __Ngetche
 0000:1CAA idle  _getche
 0000:1CCB idle  __Nungetch
 0000:1CCE idle  _ungetch
 0000:1CEA       _gettext
 0000:1D40       _puttext
 0000:1D83       _kbhit
 0000:1D95       _movetext
 0000:1E32       _putch
 0000:1E47       __REALCVT
 0000:1F81       __SCREENIO
 0000:1FBD       __VALIDATEXY
 0000:2022       __SCROLL
 0000:218E       _setblock
 0000:21AA       _setjmp
 0000:21E0       _longjmp
 0000:2214       __wherexy
 0000:221E idle  _wherex
 0000:222D idle  _wherey
 0000:2240       _fflush
 0000:230D       _flushall
 0000:234F       _fprintf
 0000:23ED       _fseek
 0000:246D idle  _ftell
 0000:24C5       _memcpy
 0000:24E9 idle  __fputc
 0000:2505 idle  _fputc
 0000:2698 idle  _fputchar
 0000:26AC       __FPUTN
 0000:28AB       _setvbuf
 0000:2A06       _sprintf
 0000:2A28 idle  _vsprintf
 0000:2A49       ___write
 0000:2B98       __write
 0000:2BD4       __xfflush
 02C0:000C       _OSTaskStkInit
 02C0:00F7       _OSTaskCreateHook
 02C0:0108       _OSTaskDelHook
 02C0:0119       _OSTaskSwHook
 02C0:011A       _OSTaskStatHook
 02C0:011B       _OSTimeTickHook
 02D1:000C idle  _OSEventTaskRdy
 02D1:00F4 idle  _OSEventTaskWait
 02D1:0169 idle  _OSEventTO
 02D1:01C1 idle  _OSEventWaitListInit
 02D1:01E7       _OSInit
 02D1:0374 idle  _OSIntEnter
 02D1:037C       _OSIntExit
 02D1:03ED idle  _OSSched
 02D1:0452 idle  _OSSchedLock
 02D1:0461 idle  _OSSchedUnlock
 02D1:048C       _OSStart
 02D1:04FD       _OSStatInit
 02D1:0538 idle  _OSTaskIdle
 02D1:0558 idle  _OSTaskStat
 02D1:061C idle  _OSTCBInit
 02D1:07BC       _OSTimeTick
 02D1:0856       _OSVersion
 02D1:085A idle  _OSMboxAccept
 02D1:08A2       _OSMboxCreate
 02D1:0908       _OSMboxPend
 02D1:0A47       _OSMboxPost
 02D1:0AA9 idle  _OSMboxQuery
 02D1:0B22 idle  _OSMemCreate
 02D1:0C88 idle  _OSMemGet
 02D1:0CF4 idle  _OSMemInit
 02D1:0D7B idle  _OSMemPut
 02D1:0DD9 idle  _OSMemQuery
 02D1:0E70 idle  _OSQAccept
 02D1:0F13 idle  _OSQCreate
 02D1:1041 idle  _OSQFlush
 02D1:10A2 idle  _OSQInit
 02D1:10E3 idle  _OSQPend
 02D1:12A7 idle  _OSQPost
 02D1:1369 idle  _OSQPostFront
 02D1:1426 idle  _OSQQuery
 02D1:14E7 idle  _OSSemAccept
 02D1:1514       _OSSemCreate
 02D1:1574       _OSSemPend
 02D1:161B       _OSSemPost
 02D1:1670 idle  _OSSemQuery
 02D1:16E3 idle  _OSTaskChangePrio
 02D1:18DB idle  _OSTaskCreate
 02D1:19B9       _OSTaskCreateExt
 02D1:1AD9 idle  _OSTaskDel
 02D1:1C90 idle  _OSTaskDelReq
 02D1:1CFD idle  _OSTaskResume
 02D1:1D86       _OSTaskStkChk
 02D1:1E78 idle  _OSTaskSuspend
 02D1:1F2F idle  _OSTaskQuery
 02D1:1F92       _OSTimeDly
 02D1:1FDF       _OSTimeDlyHMSM
 02D1:20D1 idle  _OSTimeDlyResume
 02D1:215D idle  _OSTimeGet
 02D1:217B idle  _OSTimeSet
 04EA:0000       _PC_DispClrScr
 04EA:0037       _PC_DispClrLine
 04EA:0072       _PC_DispChar
 04EA:00B0       _PC_DispStr
 04EA:0104       _PC_DOSReturn
 04EA:0118       _PC_DOSSaveReturn
 04EA:018F       _PC_ElapsedInit
 04EA:01A3       _PC_ElapsedStart
 04EA:01D8       _PC_ElapsedStop
 04EA:0236       _PC_GetDateTime
 04EA:0289       _PC_GetKey
 04EA:02B0       _PC_SetTickRate
 04EA:030F idle  _PC_VectGet
 04EA:0322       _PC_VectSet
 051D:000C       _OSStartHighRdy
 051D:0029       _OSCtxSw
 051D:0064       _OSIntCtxSw
 051D:009F       _OSTickISR
 052A:0003       _main
 052A:005C idle  _TaskStart
 052A:03F7 idle  _Task1
 052A:049A idle  _Task2
 052A:0511 idle  _Task3
 052A:0588 idle  _Task4
 052A:05DF idle  _Task5
 052A:064B idle  _TaskClk
 0593:2152       e086_Entry
 0593:26E0       e086_Shortcut
 080B:0306       e087_Entry
 080B:03C6       e087_Shortcut
 080B:0430       e087_Trap
 0868:0000 idle  DATASEG@
 0868:005B idle  __Int0Vector
 0868:005F idle  __Int4Vector
 0868:0063 idle  __Int5Vector
 0868:0067 idle  __Int6Vector
 0868:006B idle  __C0argc
 0868:006D idle  __C0argv
 0868:0071 idle  __C0environ
 0868:0075 idle  __envLng
 0868:0077 idle  __envseg
 0868:0079 idle  __envSize
 0868:007B       __psp
 0868:007D idle  __osversion
 0868:007D idle  __osmajor
 0868:007D       __version
 0868:007E idle  __osminor
 0868:007F       _errno
 0868:0081 idle  __StartTime
 0868:0085 idle  ___brklvl
 0868:0087       __heapbase
 0868:008B       __brklvl
 0868:008F       __heaptop
 0868:0094 idle  _OSMapTbl
 0868:009C idle  _OSUnMapTbl
 0868:03B0 idle  __8087
 0868:03C0       __protected
 0868:03C1       __LDT
 0868:03C4       __default87
 0868:04E0       __atexitcnt
 0868:04E2       __exitbuf
 0868:04E6 idle  __exitfopen
 0868:04EA idle  __exitopen
 0868:04EE       __streams
 0868:067E       __nfile
 0868:0680       __openfd
 0868:06A8       __fpstklen
 0868:06AA idle  __doserrno
 0868:06AC idle  __dosErrorToSV
 0868:0706       __stklen
 0868:0770       __wscroll
 0868:0772       __video
 0868:0781       _directvideo
 0868:07BE       __cFlag
 0868:07BF       __cChar
 0868:07C6       __RealCvtVector
 0868:07CA idle  __ScanTodVector
 0868:07E8       _OSTickDOSCtr
 0868:1294 idle  _OSTime
 0868:1298 idle  _OSTCBPrioTbl
 0868:12EC idle  _OSTCBList
 0868:12F0       _OSTCBHighRdy
 0868:12F4 idle  _OSTCBFreeList
 0868:12F8       _OSTCBCur
 0868:12FC       _OSTaskCtr
 0868:12FD       _OSRunning
 0868:12FE idle  _OSRdyTbl
 0868:1301 idle  _OSRdyGrp
 0868:1302       _OSPrioHighRdy
 0868:1303       _OSPrioCur
 0868:1304 idle  _OSLockNesting
 0868:1305       _OSIntNesting
 0868:1306 idle  _OSStatRdy
 0868:1307 idle  _OSIdleCtrRun
 0868:130B idle  _OSIdleCtrMax
 0868:130F       _OSCPUUsage
 0868:1310 idle  _OSIdleCtr
 0868:1314 idle  _OSEventTbl
 0868:13F0 idle  _OSEventFreeList
 0868:13F4       _OSCtxSwCtr
 0868:13F8 idle  _PC_TickISR
 0868:1414 idle  _TxMbox
 0868:1418 idle  _AckMbox
 0868:141C idle  _leftSem
 0868:1420 idle  _rightSem
 0868:1424 idle  _Task5Stk
 0868:1824 idle  _Task4Stk
 0868:1C24 idle  _Task3Stk
 0868:2024 idle  _Task2Stk
 0868:2424 idle  _Task1Stk
 0868:2824 idle  _TaskClkStk
 0868:2C24 idle  _TaskStartStk
 0868:3024       __atexittbl
 0868:30A4       ___SignalPtr
 0B73:0000       __emu

Program entry point at 0000:0000

